_MOVE: no base class
elements: something wrong with vector